enil htfif
enil htruof
enil driht
enil dnoces
enil tsrif
